// Jest Snapshot v1, https://goo.gl/fbAQLP

exports[`Snapshot 1`] = `
{
  "Outputs": {
    "BucketName": {
      "Value": {
        "Ref": "Bucket83908E77",
      },
    },
    "BucketURL": {
      "Value": {
        "Fn::GetAtt": [
          "Bucket83908E77",
          "WebsiteURL",
        ],
      },
    },
  },
  "Parameters": {
    "BootstrapVersion": {
      "Default": "/cdk-bootstrap/hnb659fds/version",
      "Description": "Version of the CDK Bootstrap resources in this environment, automatically retrieved from SSM Parameter Store. [cdk:skip]",
      "Type": "AWS::SSM::Parameter::Value<String>",
    },
  },
  "Resources": {
    "Bucket83908E77": {
      "DeletionPolicy": "Delete",
      "Properties": {
        "LoggingConfiguration": {
          "DestinationBucketName": {
            "Ref": "LogBucketCC3B17E8",
          },
        },
        "Tags": [
          {
            "Key": "aws-cdk:auto-delete-objects",
            "Value": "true",
          },
        ],
      },
      "Type": "AWS::S3::Bucket",
      "UpdateReplacePolicy": "Delete",
    },
    "BucketAutoDeleteObjectsCustomResourceBAFD23C2": {
      "DeletionPolicy": "Delete",
      "DependsOn": [
        "BucketPolicyE9A3008A",
      ],
      "Properties": {
        "BucketName": {
          "Ref": "Bucket83908E77",
        },
        "ServiceToken": {
          "Fn::GetAtt": [
            "CustomS3AutoDeleteObjectsCustomResourceProviderHandler9D90184F",
            "Arn",
          ],
        },
      },
      "Type": "Custom::S3AutoDeleteObjects",
      "UpdateReplacePolicy": "Delete",
    },
    "BucketPolicyE9A3008A": {
      "Properties": {
        "Bucket": {
          "Ref": "Bucket83908E77",
        },
        "PolicyDocument": {
          "Statement": [
            {
              "Action": "s3:*",
              "Condition": {
                "Bool": {
                  "aws:SecureTransport": "false",
                },
              },
              "Effect": "Deny",
              "Principal": {
                "AWS": "*",
              },
              "Resource": [
                {
                  "Fn::GetAtt": [
                    "Bucket83908E77",
                    "Arn",
                  ],
                },
                {
                  "Fn::Join": [
                    "",
                    [
                      {
                        "Fn::GetAtt": [
                          "Bucket83908E77",
                          "Arn",
                        ],
                      },
                      "/*",
                    ],
                  ],
                },
              ],
            },
            {
              "Action": [
                "s3:PutBucketPolicy",
                "s3:GetBucket*",
                "s3:List*",
                "s3:DeleteObject*",
              ],
              "Effect": "Allow",
              "Principal": {
                "AWS": {
                  "Fn::GetAtt": [
                    "CustomS3AutoDeleteObjectsCustomResourceProviderRole3B1BD092",
                    "Arn",
                  ],
                },
              },
              "Resource": [
                {
                  "Fn::GetAtt": [
                    "Bucket83908E77",
                    "Arn",
                  ],
                },
                {
                  "Fn::Join": [
                    "",
                    [
                      {
                        "Fn::GetAtt": [
                          "Bucket83908E77",
                          "Arn",
                        ],
                      },
                      "/*",
                    ],
                  ],
                },
              ],
            },
          ],
          "Version": "2012-10-17",
        },
      },
      "Type": "AWS::S3::BucketPolicy",
    },
    "ClusterEB0386A7": {
      "Type": "AWS::ECS::Cluster",
    },
    "CustomS3AutoDeleteObjectsCustomResourceProviderHandler9D90184F": {
      "DependsOn": [
        "CustomS3AutoDeleteObjectsCustomResourceProviderRole3B1BD092",
      ],
      "Properties": {
        "Code": {
          "S3Bucket": {
            "Fn::Sub": "cdk-hnb659fds-assets-\${AWS::AccountId}-\${AWS::Region}",
          },
          "S3Key": "6c1e9b465fa4b2d651dbc9ce3e732d8702a7b19137327684a71d89f1d355f1a2.zip",
        },
        "Description": {
          "Fn::Join": [
            "",
            [
              "Lambda function for auto-deleting objects in ",
              {
                "Ref": "LogBucketCC3B17E8",
              },
              " S3 bucket.",
            ],
          ],
        },
        "Handler": "index.handler",
        "MemorySize": 128,
        "Role": {
          "Fn::GetAtt": [
            "CustomS3AutoDeleteObjectsCustomResourceProviderRole3B1BD092",
            "Arn",
          ],
        },
        "Runtime": "nodejs18.x",
        "Timeout": 900,
      },
      "Type": "AWS::Lambda::Function",
    },
    "CustomS3AutoDeleteObjectsCustomResourceProviderRole3B1BD092": {
      "Properties": {
        "AssumeRolePolicyDocument": {
          "Statement": [
            {
              "Action": "sts:AssumeRole",
              "Effect": "Allow",
              "Principal": {
                "Service": "lambda.amazonaws.com",
              },
            },
          ],
          "Version": "2012-10-17",
        },
        "ManagedPolicyArns": [
          {
            "Fn::Sub": "arn:\${AWS::Partition}:iam::aws:policy/service-role/AWSLambdaBasicExecutionRole",
          },
        ],
      },
      "Type": "AWS::IAM::Role",
    },
    "LogBucketAutoDeleteObjectsCustomResource7762F42C": {
      "DeletionPolicy": "Delete",
      "DependsOn": [
        "LogBucketPolicy900DBE48",
      ],
      "Properties": {
        "BucketName": {
          "Ref": "LogBucketCC3B17E8",
        },
        "ServiceToken": {
          "Fn::GetAtt": [
            "CustomS3AutoDeleteObjectsCustomResourceProviderHandler9D90184F",
            "Arn",
          ],
        },
      },
      "Type": "Custom::S3AutoDeleteObjects",
      "UpdateReplacePolicy": "Delete",
    },
    "LogBucketCC3B17E8": {
      "DeletionPolicy": "Delete",
      "Properties": {
        "AccessControl": "LogDeliveryWrite",
        "OwnershipControls": {
          "Rules": [
            {
              "ObjectOwnership": "ObjectWriter",
            },
          ],
        },
        "Tags": [
          {
            "Key": "aws-cdk:auto-delete-objects",
            "Value": "true",
          },
        ],
      },
      "Type": "AWS::S3::Bucket",
      "UpdateReplacePolicy": "Delete",
    },
    "LogBucketPolicy900DBE48": {
      "Properties": {
        "Bucket": {
          "Ref": "LogBucketCC3B17E8",
        },
        "PolicyDocument": {
          "Statement": [
            {
              "Action": "s3:*",
              "Condition": {
                "Bool": {
                  "aws:SecureTransport": "false",
                },
              },
              "Effect": "Deny",
              "Principal": {
                "AWS": "*",
              },
              "Resource": [
                {
                  "Fn::GetAtt": [
                    "LogBucketCC3B17E8",
                    "Arn",
                  ],
                },
                {
                  "Fn::Join": [
                    "",
                    [
                      {
                        "Fn::GetAtt": [
                          "LogBucketCC3B17E8",
                          "Arn",
                        ],
                      },
                      "/*",
                    ],
                  ],
                },
              ],
            },
            {
              "Action": [
                "s3:PutBucketPolicy",
                "s3:GetBucket*",
                "s3:List*",
                "s3:DeleteObject*",
              ],
              "Effect": "Allow",
              "Principal": {
                "AWS": {
                  "Fn::GetAtt": [
                    "CustomS3AutoDeleteObjectsCustomResourceProviderRole3B1BD092",
                    "Arn",
                  ],
                },
              },
              "Resource": [
                {
                  "Fn::GetAtt": [
                    "LogBucketCC3B17E8",
                    "Arn",
                  ],
                },
                {
                  "Fn::Join": [
                    "",
                    [
                      {
                        "Fn::GetAtt": [
                          "LogBucketCC3B17E8",
                          "Arn",
                        ],
                      },
                      "/*",
                    ],
                  ],
                },
              ],
            },
          ],
          "Version": "2012-10-17",
        },
      },
      "Type": "AWS::S3::BucketPolicy",
    },
    "Rule4C995B7F": {
      "Properties": {
        "ScheduleExpression": "rate(1 minute)",
        "State": "ENABLED",
        "Targets": [
          {
            "Arn": {
              "Fn::GetAtt": [
                "ClusterEB0386A7",
                "Arn",
              ],
            },
            "EcsParameters": {
              "LaunchType": "FARGATE",
              "NetworkConfiguration": {
                "AwsVpcConfiguration": {
                  "AssignPublicIp": "DISABLED",
                  "SecurityGroups": [
                    {
                      "Fn::GetAtt": [
                        "TaskDefinitionSecurityGroup16A8B1FE",
                        "GroupId",
                      ],
                    },
                  ],
                  "Subnets": [
                    {
                      "Ref": "VpcPrivateSubnet1Subnet536B997A",
                    },
                    {
                      "Ref": "VpcPrivateSubnet2Subnet3788AAA1",
                    },
                  ],
                },
              },
              "TaskCount": 1,
              "TaskDefinitionArn": {
                "Ref": "TaskDefinitionB36D86D9",
              },
            },
            "Id": "Target0",
            "Input": "{}",
            "RoleArn": {
              "Fn::GetAtt": [
                "TaskDefinitionEventsRole1DC90F44",
                "Arn",
              ],
            },
          },
        ],
      },
      "Type": "AWS::Events::Rule",
    },
    "TaskDefinitionAppContainerLogGroup6713094F": {
      "DeletionPolicy": "Retain",
      "Type": "AWS::Logs::LogGroup",
      "UpdateReplacePolicy": "Retain",
    },
    "TaskDefinitionB36D86D9": {
      "Properties": {
        "ContainerDefinitions": [
          {
            "Environment": [
              {
                "Name": "BUCKET_NAME",
                "Value": {
                  "Ref": "Bucket83908E77",
                },
              },
              {
                "Name": "REGION",
                "Value": {
                  "Ref": "AWS::Region",
                },
              },
            ],
            "Essential": true,
            "Image": {
              "Fn::Sub": "\${AWS::AccountId}.dkr.ecr.\${AWS::Region}.\${AWS::URLSuffix}/cdk-hnb659fds-container-assets-\${AWS::AccountId}-\${AWS::Region}:ed8fa27d50ea6fd9b2cf0e1fe93759627608785b079372ff5ca30f2fad114321",
            },
            "LogConfiguration": {
              "LogDriver": "awslogs",
              "Options": {
                "awslogs-group": {
                  "Ref": "TaskDefinitionAppContainerLogGroup6713094F",
                },
                "awslogs-region": {
                  "Ref": "AWS::Region",
                },
                "awslogs-stream-prefix": "event-driven-ecs-task-demo",
              },
            },
            "Name": "AppContainer",
          },
        ],
        "Cpu": "256",
        "ExecutionRoleArn": {
          "Fn::GetAtt": [
            "TaskDefinitionExecutionRole8D61C2FB",
            "Arn",
          ],
        },
        "Family": "EventDrivenEcsTaskStackTaskDefinitionC8CAA2EA",
        "Memory": "512",
        "NetworkMode": "awsvpc",
        "RequiresCompatibilities": [
          "FARGATE",
        ],
        "TaskRoleArn": {
          "Fn::GetAtt": [
            "TaskRole30FC0FBB",
            "Arn",
          ],
        },
      },
      "Type": "AWS::ECS::TaskDefinition",
    },
    "TaskDefinitionEventsRole1DC90F44": {
      "Properties": {
        "AssumeRolePolicyDocument": {
          "Statement": [
            {
              "Action": "sts:AssumeRole",
              "Effect": "Allow",
              "Principal": {
                "Service": "events.amazonaws.com",
              },
            },
          ],
          "Version": "2012-10-17",
        },
      },
      "Type": "AWS::IAM::Role",
    },
    "TaskDefinitionEventsRoleDefaultPolicyD432DADD": {
      "Properties": {
        "PolicyDocument": {
          "Statement": [
            {
              "Action": "ecs:RunTask",
              "Condition": {
                "ArnEquals": {
                  "ecs:cluster": {
                    "Fn::GetAtt": [
                      "ClusterEB0386A7",
                      "Arn",
                    ],
                  },
                },
              },
              "Effect": "Allow",
              "Resource": {
                "Ref": "TaskDefinitionB36D86D9",
              },
            },
            {
              "Action": "ecs:TagResource",
              "Effect": "Allow",
              "Resource": {
                "Fn::Join": [
                  "",
                  [
                    "arn:",
                    {
                      "Ref": "AWS::Partition",
                    },
                    ":ecs:",
                    {
                      "Ref": "AWS::Region",
                    },
                    ":*:task/",
                    {
                      "Ref": "ClusterEB0386A7",
                    },
                    "/*",
                  ],
                ],
              },
            },
            {
              "Action": "iam:PassRole",
              "Effect": "Allow",
              "Resource": {
                "Fn::GetAtt": [
                  "TaskDefinitionExecutionRole8D61C2FB",
                  "Arn",
                ],
              },
            },
            {
              "Action": "iam:PassRole",
              "Effect": "Allow",
              "Resource": {
                "Fn::GetAtt": [
                  "TaskRole30FC0FBB",
                  "Arn",
                ],
              },
            },
          ],
          "Version": "2012-10-17",
        },
        "PolicyName": "TaskDefinitionEventsRoleDefaultPolicyD432DADD",
        "Roles": [
          {
            "Ref": "TaskDefinitionEventsRole1DC90F44",
          },
        ],
      },
      "Type": "AWS::IAM::Policy",
    },
    "TaskDefinitionExecutionRole8D61C2FB": {
      "Properties": {
        "AssumeRolePolicyDocument": {
          "Statement": [
            {
              "Action": "sts:AssumeRole",
              "Effect": "Allow",
              "Principal": {
                "Service": "ecs-tasks.amazonaws.com",
              },
            },
          ],
          "Version": "2012-10-17",
        },
      },
      "Type": "AWS::IAM::Role",
    },
    "TaskDefinitionExecutionRoleDefaultPolicy1F3406F5": {
      "Properties": {
        "PolicyDocument": {
          "Statement": [
            {
              "Action": [
                "ecr:BatchCheckLayerAvailability",
                "ecr:GetDownloadUrlForLayer",
                "ecr:BatchGetImage",
              ],
              "Effect": "Allow",
              "Resource": {
                "Fn::Join": [
                  "",
                  [
                    "arn:",
                    {
                      "Ref": "AWS::Partition",
                    },
                    ":ecr:",
                    {
                      "Ref": "AWS::Region",
                    },
                    ":",
                    {
                      "Ref": "AWS::AccountId",
                    },
                    ":repository/",
                    {
                      "Fn::Sub": "cdk-hnb659fds-container-assets-\${AWS::AccountId}-\${AWS::Region}",
                    },
                  ],
                ],
              },
            },
            {
              "Action": "ecr:GetAuthorizationToken",
              "Effect": "Allow",
              "Resource": "*",
            },
            {
              "Action": [
                "logs:CreateLogStream",
                "logs:PutLogEvents",
              ],
              "Effect": "Allow",
              "Resource": {
                "Fn::GetAtt": [
                  "TaskDefinitionAppContainerLogGroup6713094F",
                  "Arn",
                ],
              },
            },
          ],
          "Version": "2012-10-17",
        },
        "PolicyName": "TaskDefinitionExecutionRoleDefaultPolicy1F3406F5",
        "Roles": [
          {
            "Ref": "TaskDefinitionExecutionRole8D61C2FB",
          },
        ],
      },
      "Type": "AWS::IAM::Policy",
    },
    "TaskDefinitionSecurityGroup16A8B1FE": {
      "Properties": {
        "GroupDescription": "EventDrivenEcsTaskStack/TaskDefinition/SecurityGroup",
        "SecurityGroupEgress": [
          {
            "CidrIp": "0.0.0.0/0",
            "Description": "Allow all outbound traffic by default",
            "IpProtocol": "-1",
          },
        ],
        "VpcId": {
          "Ref": "Vpc8378EB38",
        },
      },
      "Type": "AWS::EC2::SecurityGroup",
    },
    "TaskRole30FC0FBB": {
      "Properties": {
        "AssumeRolePolicyDocument": {
          "Statement": [
            {
              "Action": "sts:AssumeRole",
              "Effect": "Allow",
              "Principal": {
                "Service": "ecs-tasks.amazonaws.com",
              },
            },
          ],
          "Version": "2012-10-17",
        },
      },
      "Type": "AWS::IAM::Role",
    },
    "TaskRoleDefaultPolicy07FC53DE": {
      "Properties": {
        "PolicyDocument": {
          "Statement": [
            {
              "Action": [
                "s3:GetObject*",
                "s3:GetBucket*",
                "s3:List*",
                "s3:DeleteObject*",
                "s3:PutObject",
                "s3:PutObjectLegalHold",
                "s3:PutObjectRetention",
                "s3:PutObjectTagging",
                "s3:PutObjectVersionTagging",
                "s3:Abort*",
              ],
              "Effect": "Allow",
              "Resource": [
                {
                  "Fn::GetAtt": [
                    "Bucket83908E77",
                    "Arn",
                  ],
                },
                {
                  "Fn::Join": [
                    "",
                    [
                      {
                        "Fn::GetAtt": [
                          "Bucket83908E77",
                          "Arn",
                        ],
                      },
                      "/*",
                    ],
                  ],
                },
              ],
            },
          ],
          "Version": "2012-10-17",
        },
        "PolicyName": "TaskRoleDefaultPolicy07FC53DE",
        "Roles": [
          {
            "Ref": "TaskRole30FC0FBB",
          },
        ],
      },
      "Type": "AWS::IAM::Policy",
    },
    "Vpc8378EB38": {
      "Properties": {
        "CidrBlock": "10.0.0.0/16",
        "EnableDnsHostnames": true,
        "EnableDnsSupport": true,
        "InstanceTenancy": "default",
        "Tags": [
          {
            "Key": "Name",
            "Value": "EventDrivenEcsTaskStack/Vpc",
          },
        ],
      },
      "Type": "AWS::EC2::VPC",
    },
    "VpcIGWD7BA715C": {
      "Properties": {
        "Tags": [
          {
            "Key": "Name",
            "Value": "EventDrivenEcsTaskStack/Vpc",
          },
        ],
      },
      "Type": "AWS::EC2::InternetGateway",
    },
    "VpcPrivateSubnet1DefaultRouteBE02A9ED": {
      "Properties": {
        "DestinationCidrBlock": "0.0.0.0/0",
        "NatGatewayId": {
          "Ref": "VpcPublicSubnet1NATGateway4D7517AA",
        },
        "RouteTableId": {
          "Ref": "VpcPrivateSubnet1RouteTableB2C5B500",
        },
      },
      "Type": "AWS::EC2::Route",
    },
    "VpcPrivateSubnet1RouteTableAssociation70C59FA6": {
      "Properties": {
        "RouteTableId": {
          "Ref": "VpcPrivateSubnet1RouteTableB2C5B500",
        },
        "SubnetId": {
          "Ref": "VpcPrivateSubnet1Subnet536B997A",
        },
      },
      "Type": "AWS::EC2::SubnetRouteTableAssociation",
    },
    "VpcPrivateSubnet1RouteTableB2C5B500": {
      "Properties": {
        "Tags": [
          {
            "Key": "Name",
            "Value": "EventDrivenEcsTaskStack/Vpc/PrivateSubnet1",
          },
        ],
        "VpcId": {
          "Ref": "Vpc8378EB38",
        },
      },
      "Type": "AWS::EC2::RouteTable",
    },
    "VpcPrivateSubnet1Subnet536B997A": {
      "Properties": {
        "AvailabilityZone": {
          "Fn::Select": [
            0,
            {
              "Fn::GetAZs": "",
            },
          ],
        },
        "CidrBlock": "10.0.128.0/18",
        "MapPublicIpOnLaunch": false,
        "Tags": [
          {
            "Key": "aws-cdk:subnet-name",
            "Value": "Private",
          },
          {
            "Key": "aws-cdk:subnet-type",
            "Value": "Private",
          },
          {
            "Key": "Name",
            "Value": "EventDrivenEcsTaskStack/Vpc/PrivateSubnet1",
          },
        ],
        "VpcId": {
          "Ref": "Vpc8378EB38",
        },
      },
      "Type": "AWS::EC2::Subnet",
    },
    "VpcPrivateSubnet2DefaultRoute060D2087": {
      "Properties": {
        "DestinationCidrBlock": "0.0.0.0/0",
        "NatGatewayId": {
          "Ref": "VpcPublicSubnet2NATGateway9182C01D",
        },
        "RouteTableId": {
          "Ref": "VpcPrivateSubnet2RouteTableA678073B",
        },
      },
      "Type": "AWS::EC2::Route",
    },
    "VpcPrivateSubnet2RouteTableA678073B": {
      "Properties": {
        "Tags": [
          {
            "Key": "Name",
            "Value": "EventDrivenEcsTaskStack/Vpc/PrivateSubnet2",
          },
        ],
        "VpcId": {
          "Ref": "Vpc8378EB38",
        },
      },
      "Type": "AWS::EC2::RouteTable",
    },
    "VpcPrivateSubnet2RouteTableAssociationA89CAD56": {
      "Properties": {
        "RouteTableId": {
          "Ref": "VpcPrivateSubnet2RouteTableA678073B",
        },
        "SubnetId": {
          "Ref": "VpcPrivateSubnet2Subnet3788AAA1",
        },
      },
      "Type": "AWS::EC2::SubnetRouteTableAssociation",
    },
    "VpcPrivateSubnet2Subnet3788AAA1": {
      "Properties": {
        "AvailabilityZone": {
          "Fn::Select": [
            1,
            {
              "Fn::GetAZs": "",
            },
          ],
        },
        "CidrBlock": "10.0.192.0/18",
        "MapPublicIpOnLaunch": false,
        "Tags": [
          {
            "Key": "aws-cdk:subnet-name",
            "Value": "Private",
          },
          {
            "Key": "aws-cdk:subnet-type",
            "Value": "Private",
          },
          {
            "Key": "Name",
            "Value": "EventDrivenEcsTaskStack/Vpc/PrivateSubnet2",
          },
        ],
        "VpcId": {
          "Ref": "Vpc8378EB38",
        },
      },
      "Type": "AWS::EC2::Subnet",
    },
    "VpcPublicSubnet1DefaultRoute3DA9E72A": {
      "DependsOn": [
        "VpcVPCGWBF912B6E",
      ],
      "Properties": {
        "DestinationCidrBlock": "0.0.0.0/0",
        "GatewayId": {
          "Ref": "VpcIGWD7BA715C",
        },
        "RouteTableId": {
          "Ref": "VpcPublicSubnet1RouteTable6C95E38E",
        },
      },
      "Type": "AWS::EC2::Route",
    },
    "VpcPublicSubnet1EIPD7E02669": {
      "Properties": {
        "Domain": "vpc",
        "Tags": [
          {
            "Key": "Name",
            "Value": "EventDrivenEcsTaskStack/Vpc/PublicSubnet1",
          },
        ],
      },
      "Type": "AWS::EC2::EIP",
    },
    "VpcPublicSubnet1NATGateway4D7517AA": {
      "DependsOn": [
        "VpcPublicSubnet1DefaultRoute3DA9E72A",
        "VpcPublicSubnet1RouteTableAssociation97140677",
      ],
      "Properties": {
        "AllocationId": {
          "Fn::GetAtt": [
            "VpcPublicSubnet1EIPD7E02669",
            "AllocationId",
          ],
        },
        "SubnetId": {
          "Ref": "VpcPublicSubnet1Subnet5C2D37C4",
        },
        "Tags": [
          {
            "Key": "Name",
            "Value": "EventDrivenEcsTaskStack/Vpc/PublicSubnet1",
          },
        ],
      },
      "Type": "AWS::EC2::NatGateway",
    },
    "VpcPublicSubnet1RouteTable6C95E38E": {
      "Properties": {
        "Tags": [
          {
            "Key": "Name",
            "Value": "EventDrivenEcsTaskStack/Vpc/PublicSubnet1",
          },
        ],
        "VpcId": {
          "Ref": "Vpc8378EB38",
        },
      },
      "Type": "AWS::EC2::RouteTable",
    },
    "VpcPublicSubnet1RouteTableAssociation97140677": {
      "Properties": {
        "RouteTableId": {
          "Ref": "VpcPublicSubnet1RouteTable6C95E38E",
        },
        "SubnetId": {
          "Ref": "VpcPublicSubnet1Subnet5C2D37C4",
        },
      },
      "Type": "AWS::EC2::SubnetRouteTableAssociation",
    },
    "VpcPublicSubnet1Subnet5C2D37C4": {
      "Properties": {
        "AvailabilityZone": {
          "Fn::Select": [
            0,
            {
              "Fn::GetAZs": "",
            },
          ],
        },
        "CidrBlock": "10.0.0.0/18",
        "MapPublicIpOnLaunch": true,
        "Tags": [
          {
            "Key": "aws-cdk:subnet-name",
            "Value": "Public",
          },
          {
            "Key": "aws-cdk:subnet-type",
            "Value": "Public",
          },
          {
            "Key": "Name",
            "Value": "EventDrivenEcsTaskStack/Vpc/PublicSubnet1",
          },
        ],
        "VpcId": {
          "Ref": "Vpc8378EB38",
        },
      },
      "Type": "AWS::EC2::Subnet",
    },
    "VpcPublicSubnet2DefaultRoute97F91067": {
      "DependsOn": [
        "VpcVPCGWBF912B6E",
      ],
      "Properties": {
        "DestinationCidrBlock": "0.0.0.0/0",
        "GatewayId": {
          "Ref": "VpcIGWD7BA715C",
        },
        "RouteTableId": {
          "Ref": "VpcPublicSubnet2RouteTable94F7E489",
        },
      },
      "Type": "AWS::EC2::Route",
    },
    "VpcPublicSubnet2EIP3C605A87": {
      "Properties": {
        "Domain": "vpc",
        "Tags": [
          {
            "Key": "Name",
            "Value": "EventDrivenEcsTaskStack/Vpc/PublicSubnet2",
          },
        ],
      },
      "Type": "AWS::EC2::EIP",
    },
    "VpcPublicSubnet2NATGateway9182C01D": {
      "DependsOn": [
        "VpcPublicSubnet2DefaultRoute97F91067",
        "VpcPublicSubnet2RouteTableAssociationDD5762D8",
      ],
      "Properties": {
        "AllocationId": {
          "Fn::GetAtt": [
            "VpcPublicSubnet2EIP3C605A87",
            "AllocationId",
          ],
        },
        "SubnetId": {
          "Ref": "VpcPublicSubnet2Subnet691E08A3",
        },
        "Tags": [
          {
            "Key": "Name",
            "Value": "EventDrivenEcsTaskStack/Vpc/PublicSubnet2",
          },
        ],
      },
      "Type": "AWS::EC2::NatGateway",
    },
    "VpcPublicSubnet2RouteTable94F7E489": {
      "Properties": {
        "Tags": [
          {
            "Key": "Name",
            "Value": "EventDrivenEcsTaskStack/Vpc/PublicSubnet2",
          },
        ],
        "VpcId": {
          "Ref": "Vpc8378EB38",
        },
      },
      "Type": "AWS::EC2::RouteTable",
    },
    "VpcPublicSubnet2RouteTableAssociationDD5762D8": {
      "Properties": {
        "RouteTableId": {
          "Ref": "VpcPublicSubnet2RouteTable94F7E489",
        },
        "SubnetId": {
          "Ref": "VpcPublicSubnet2Subnet691E08A3",
        },
      },
      "Type": "AWS::EC2::SubnetRouteTableAssociation",
    },
    "VpcPublicSubnet2Subnet691E08A3": {
      "Properties": {
        "AvailabilityZone": {
          "Fn::Select": [
            1,
            {
              "Fn::GetAZs": "",
            },
          ],
        },
        "CidrBlock": "10.0.64.0/18",
        "MapPublicIpOnLaunch": true,
        "Tags": [
          {
            "Key": "aws-cdk:subnet-name",
            "Value": "Public",
          },
          {
            "Key": "aws-cdk:subnet-type",
            "Value": "Public",
          },
          {
            "Key": "Name",
            "Value": "EventDrivenEcsTaskStack/Vpc/PublicSubnet2",
          },
        ],
        "VpcId": {
          "Ref": "Vpc8378EB38",
        },
      },
      "Type": "AWS::EC2::Subnet",
    },
    "VpcVPCGWBF912B6E": {
      "Properties": {
        "InternetGatewayId": {
          "Ref": "VpcIGWD7BA715C",
        },
        "VpcId": {
          "Ref": "Vpc8378EB38",
        },
      },
      "Type": "AWS::EC2::VPCGatewayAttachment",
    },
  },
  "Rules": {
    "CheckBootstrapVersion": {
      "Assertions": [
        {
          "Assert": {
            "Fn::Not": [
              {
                "Fn::Contains": [
                  [
                    "1",
                    "2",
                    "3",
                    "4",
                    "5",
                  ],
                  {
                    "Ref": "BootstrapVersion",
                  },
                ],
              },
            ],
          },
          "AssertDescription": "CDK bootstrap stack version 6 required. Please run 'cdk bootstrap' with a recent version of the CDK CLI.",
        },
      ],
    },
  },
}
`;
